Microchip Technology Inc, v1.70 (B)

Tool Name:
  c:\program files\microchip\xc16\v1.70\bin\bin\..\bin/elf-ld.exe

Command:
  -p24F16KA101 \
  --mdfp=C:/Program Files/Microchip/MPLABX/v5.50/packs/Microchip/PIC24F-KA-KL-KM_DFP/1.4.83/xc16 \
  -o \
  dist/default/production/App1.X.production.elf \
  -Lc:/program files/microchip/xc16/v1.70/bin/bin/.. \
  -LC:/Program Files/Microchip/MPLABX/v5.50/packs/Microchip/PIC24F-KA-KL-KM_DFP/1.4.83/xc16/bin/../support/PIC24F/gld \
  -Lc:/program files/microchip/xc16/v1.70/bin/bin/../../lib \
  -Lc:/program files/microchip/xc16/v1.70/bin/bin/../../support/PIC24E/gld \
  -Lc:/program files/microchip/xc16/v1.70/bin/bin/../../support/PIC24F/gld \
  -Lc:/program files/microchip/xc16/v1.70/bin/bin/../../support/PIC24H/gld \
  -Lc:/program files/microchip/xc16/v1.70/bin/bin/../../support/dsPIC30F/gld \
  -Lc:/program files/microchip/xc16/v1.70/bin/bin/../../support/dsPIC33C/gld \
  -Lc:/program files/microchip/xc16/v1.70/bin/bin/../../support/dsPIC33E/gld \
  -Lc:/program files/microchip/xc16/v1.70/bin/bin/../../support/dsPIC33F/gld \
  build/default/production/_ext/1045590929/ChangeClk.o \
  build/default/production/_ext/1045590929/IOs.o \
  build/default/production/_ext/1045590929/TimeDelay.o \
  build/default/production/_ext/1045590929/UART2.o \
  build/default/production/_ext/1045590929/main.o \
  --defsym=__MPLAB_BUILD=1 \
  -Tp24F16KA101.gld.00 \
  --stack=16 \
  --check-sections \
  --data-init \
  --pack-data \
  --handles \
  --isr \
  --no-gc-sections \
  --fill-upper=0 \
  --stackguard=16 \
  --no-force-link \
  --smart-io \
  -Map=dist/default/production/App1.X.production.map \
  --report-mem \
  --memorysummary \
  dist/default/production/memoryfile.xml \
  -start-group \
  --library=lega-pic30-elf \
  --library=m-elf \
  --library=lega-c-elf \
  -end-group \


Optional library libpPIC24Fxxx.a not found
Archive member included because of file (symbol)

c:/program files/microchip/xc16/v1.70/bin/bin/../../lib\liblega-pic30-elf.a(crt0_standard.o)
                              (__resetPRI)
c:/program files/microchip/xc16/v1.70/bin/bin/../../lib\liblega-pic30-elf.a(data_init_standard.o)
                              c:/program files/microchip/xc16/v1.70/bin/bin/../../lib\liblega-pic30-elf.a(crt0_standard.o) (__data_init_standard)
c:/program files/microchip/xc16/v1.70/bin/bin/../../lib\liblega-pic30-elf.a(crt_start_mode_normal.Leo)
                              (__crt_start_mode_normal)
c:/program files/microchip/xc16/v1.70/bin/bin/../../lib\libm-elf.a(divsf3.eo)
                              build/default/production/_ext/1045590929/TimeDelay.o (___divsf3)
c:/program files/microchip/xc16/v1.70/bin/bin/../../lib\libm-elf.a(fixunssfsi.eo)
                              build/default/production/_ext/1045590929/TimeDelay.o (___fixunssfsi)
c:/program files/microchip/xc16/v1.70/bin/bin/../../lib\libm-elf.a(floatsisf.eo)
                              build/default/production/_ext/1045590929/TimeDelay.o (___floatsisf)
c:/program files/microchip/xc16/v1.70/bin/bin/../../lib\libm-elf.a(floatunsisf.eo)
                              build/default/production/_ext/1045590929/UART2.o (___floatunsisf)
c:/program files/microchip/xc16/v1.70/bin/bin/../../lib\libm-elf.a(fpack.eo)
                              c:/program files/microchip/xc16/v1.70/bin/bin/../../lib\libm-elf.a(divsf3.eo) (__fpack)
c:/program files/microchip/xc16/v1.70/bin/bin/../../lib\libm-elf.a(funpack.eo)
                              c:/program files/microchip/xc16/v1.70/bin/bin/../../lib\libm-elf.a(fixunssfsi.eo) (__funpack)
c:/program files/microchip/xc16/v1.70/bin/bin/../../lib\libm-elf.a(funpack2.eo)
                              c:/program files/microchip/xc16/v1.70/bin/bin/../../lib\libm-elf.a(divsf3.eo) (__funpack2)
c:/program files/microchip/xc16/v1.70/bin/bin/../../lib\libm-elf.a(futil.eo)
                              c:/program files/microchip/xc16/v1.70/bin/bin/../../lib\libm-elf.a(divsf3.eo) (__fPropagateNaN)
c:/program files/microchip/xc16/v1.70/bin/bin/../../lib\libm-elf.a(mulsf3.eo)
                              build/default/production/_ext/1045590929/TimeDelay.o (___mulsf3)
c:/program files/microchip/xc16/v1.70/bin/bin/../../lib\libm-elf.a(powf.eo)
                              build/default/production/_ext/1045590929/UART2.o (_powf)
c:/program files/microchip/xc16/v1.70/bin/bin/../../lib\libm-elf.a(_frexpf.eo)
                              c:/program files/microchip/xc16/v1.70/bin/bin/../../lib\libm-elf.a(powf.eo) (__frexpf)
c:/program files/microchip/xc16/v1.70/bin/bin/../../lib\libm-elf.a(addsf3.eo)
                              c:/program files/microchip/xc16/v1.70/bin/bin/../../lib\libm-elf.a(powf.eo) (___subsf3)
c:/program files/microchip/xc16/v1.70/bin/bin/../../lib\libm-elf.a(errno.eo)
                              c:/program files/microchip/xc16/v1.70/bin/bin/../../lib\libm-elf.a(powf.eo) (_errno)
c:/program files/microchip/xc16/v1.70/bin/bin/../../lib\libm-elf.a(expf.eo)
                              c:/program files/microchip/xc16/v1.70/bin/bin/../../lib\libm-elf.a(powf.eo) (_expf)
c:/program files/microchip/xc16/v1.70/bin/bin/../../lib\libm-elf.a(fchop.eo)
                              c:/program files/microchip/xc16/v1.70/bin/bin/../../lib\libm-elf.a(powf.eo) (__fchop)
c:/program files/microchip/xc16/v1.70/bin/bin/../../lib\libm-elf.a(feqltle.eo)
                              c:/program files/microchip/xc16/v1.70/bin/bin/../../lib\libm-elf.a(powf.eo) (___eqsf2)
c:/program files/microchip/xc16/v1.70/bin/bin/../../lib\libm-elf.a(fgtge.eo)
                              c:/program files/microchip/xc16/v1.70/bin/bin/../../lib\libm-elf.a(expf.eo) (___gtsf2)
c:/program files/microchip/xc16/v1.70/bin/bin/../../lib\libm-elf.a(fixsfsi.eo)
                              c:/program files/microchip/xc16/v1.70/bin/bin/../../lib\libm-elf.a(powf.eo) (_(float, int, long long, short, float, short, int))
c:/program files/microchip/xc16/v1.70/bin/bin/../../lib\libm-elf.a(floatdisf.eo)
                              c:/program files/microchip/xc16/v1.70/bin/bin/../../lib\libm-elf.a(floatsisf.eo) (___floatdisf)
c:/program files/microchip/xc16/v1.70/bin/bin/../../lib\libm-elf.a(floatundisf.eo)
                              c:/program files/microchip/xc16/v1.70/bin/bin/../../lib\libm-elf.a(floatunsisf.eo) (___floatundisf)
c:/program files/microchip/xc16/v1.70/bin/bin/../../lib\libm-elf.a(ldexpf.eo)
                              c:/program files/microchip/xc16/v1.70/bin/bin/../../lib\libm-elf.a(powf.eo) (_ldexpf)
c:/program files/microchip/xc16/v1.70/bin/bin/../../lib\libm-elf.a(logf.eo)
                              c:/program files/microchip/xc16/v1.70/bin/bin/../../lib\libm-elf.a(powf.eo) (_logf)
c:/program files/microchip/xc16/v1.70/bin/bin/../../lib\libm-elf.a(fcompare.eo)
                              c:/program files/microchip/xc16/v1.70/bin/bin/../../lib\libm-elf.a(feqltle.eo) (__fcompare)
c:/program files/microchip/xc16/v1.70/bin/bin/../../lib\liblega-c-elf.a(memcpy.XX_eo)
                              build/default/production/_ext/1045590929/IOs.o (_memcpy)
c:/program files/microchip/xc16/v1.70/bin/bin/../../lib\liblega-c-elf.a(memset.XX_eo)
                              build/default/production/_ext/1045590929/IOs.o (_memset)
c:/program files/microchip/xc16/v1.70/bin/bin/../../lib\liblega-c-elf.a(strcat.XX_eo)
                              build/default/production/_ext/1045590929/IOs.o (_strcat)
c:/program files/microchip/xc16/v1.70/bin/bin/../../lib\liblega-c-elf.a(strcpy.XX_eo)
                              build/default/production/_ext/1045590929/IOs.o (_strcpy)
c:/program files/microchip/xc16/v1.70/bin/bin/../../lib\liblega-c-elf.a(strlen.XX_eo)
                              build/default/production/_ext/1045590929/IOs.o (_strlen)
c:/program files/microchip/xc16/v1.70/bin/bin/../../lib\liblega-c-elf.a(sprintf_cdnopuxX.XXeo)
                              build/default/production/_ext/1045590929/IOs.o (__sprintf_cdnopuxX)
c:/program files/microchip/xc16/v1.70/bin/bin/../../lib\liblega-c-elf.a(xprintf_cdnopuxX.XXeo)
                              c:/program files/microchip/xc16/v1.70/bin/bin/../../lib\liblega-c-elf.a(sprintf_cdnopuxX.XXeo) (___ePrintf_cdnopuxX)
c:/program files/microchip/xc16/v1.70/bin/bin/../../lib\liblega-c-elf.a(xputfld_cdnopuxX.XXeo)
                              c:/program files/microchip/xc16/v1.70/bin/bin/../../lib\liblega-c-elf.a(xprintf_cdnopuxX.XXeo) (___Putfld_cdnopuxX)
c:/program files/microchip/xc16/v1.70/bin/bin/../../lib\liblega-c-elf.a(strchr.XX_eo)
                              c:/program files/microchip/xc16/v1.70/bin/bin/../../lib\liblega-c-elf.a(xprintf_cdnopuxX.XXeo) (_strchr)
c:/program files/microchip/xc16/v1.70/bin/bin/../../lib\liblega-c-elf.a(xlitob.XX_eo)
                              c:/program files/microchip/xc16/v1.70/bin/bin/../../lib\liblega-c-elf.a(xputfld_cdnopuxX.XXeo) (__Litob)
c:/program files/microchip/xc16/v1.70/bin/bin/../../lib\liblega-c-elf.a(xputtxt.XX_eo)
                              c:/program files/microchip/xc16/v1.70/bin/bin/../../lib\liblega-c-elf.a(xprintf_cdnopuxX.XXeo) (__Puttxt)
c:/program files/microchip/xc16/v1.70/bin/bin/../../lib\liblega-c-elf.a(xvacopy.XX_eo)
                              c:/program files/microchip/xc16/v1.70/bin/bin/../../lib\liblega-c-elf.a(xprintf_cdnopuxX.XXeo) (__Vacopy)
c:/program files/microchip/xc16/v1.70/bin/bin/../../lib\liblega-c-elf.a(efwrite.XX_eo)
                              c:/program files/microchip/xc16/v1.70/bin/bin/../../lib\liblega-c-elf.a(xprintf_cdnopuxX.XXeo) (_efwrite)
c:/program files/microchip/xc16/v1.70/bin/bin/../../lib\liblega-c-elf.a(fflush.XX_elo)
                              c:/program files/microchip/xc16/v1.70/bin/bin/../../lib\liblega-c-elf.a(efwrite.XX_eo) (__DNKfflush)
c:/program files/microchip/xc16/v1.70/bin/bin/../../lib\liblega-c-elf.a(xfiles.XX_elo)
                              c:/program files/microchip/xc16/v1.70/bin/bin/../../lib\liblega-c-elf.a(fflush.XX_elo) (__Files)
c:/program files/microchip/xc16/v1.70/bin/bin/../../lib\liblega-c-elf.a(xfwprep.XX_eo)
                              c:/program files/microchip/xc16/v1.70/bin/bin/../../lib\liblega-c-elf.a(efwrite.XX_eo) (__Fwprep)
c:/program files/microchip/xc16/v1.70/bin/bin/../../lib\liblega-c-elf.a(fclose.XX_elo)
                              c:/program files/microchip/xc16/v1.70/bin/bin/../../lib\liblega-c-elf.a(xfwprep.XX_eo) (__Closreg)
c:/program files/microchip/xc16/v1.70/bin/bin/../../lib\liblega-c-elf.a(xatexit.XX_elo)
                              c:/program files/microchip/xc16/v1.70/bin/bin/../../lib\liblega-c-elf.a(fclose.XX_elo) (__Atexit)
c:/program files/microchip/xc16/v1.70/bin/bin/../../lib\liblega-c-elf.a(free.XX_eo)
                              c:/program files/microchip/xc16/v1.70/bin/bin/../../lib\liblega-c-elf.a(fclose.XX_elo) (_free)
c:/program files/microchip/xc16/v1.70/bin/bin/../../lib\liblega-c-elf.a(malloc.XX_eo)
                              c:/program files/microchip/xc16/v1.70/bin/bin/../../lib\liblega-c-elf.a(free.XX_eo) (__Aldata)
c:/program files/microchip/xc16/v1.70/bin/bin/../../lib\liblega-c-elf.a(xgetmem.XX_eo)
                              c:/program files/microchip/xc16/v1.70/bin/bin/../../lib\liblega-c-elf.a(malloc.XX_eo) (__Getmem)
c:/program files/microchip/xc16/v1.70/bin/bin/../../lib\liblega-pic30-elf.a(close.Leo)
                              c:/program files/microchip/xc16/v1.70/bin/bin/../../lib\liblega-c-elf.a(fclose.XX_elo) (_close)
c:/program files/microchip/xc16/v1.70/bin/bin/../../lib\liblega-pic30-elf.a(write.Leo)
                              c:/program files/microchip/xc16/v1.70/bin/bin/../../lib\liblega-c-elf.a(fflush.XX_elo) (_write)
c:/program files/microchip/xc16/v1.70/bin/bin/../../lib\liblega-pic30-elf.a(remove.Leo)
                              c:/program files/microchip/xc16/v1.70/bin/bin/../../lib\liblega-c-elf.a(fclose.XX_elo) (_remove)
c:/program files/microchip/xc16/v1.70/bin/bin/../../lib\liblega-pic30-elf.a(sbrk.Leo)
                              c:/program files/microchip/xc16/v1.70/bin/bin/../../lib\liblega-c-elf.a(xgetmem.XX_eo) (_sbrk)
c:/program files/microchip/xc16/v1.70/bin/bin/../../lib\liblega-pic30-elf.a(c30_uart.Leo)
                              c:/program files/microchip/xc16/v1.70/bin/bin/../../lib\liblega-pic30-elf.a(write.Leo) (___C30_UART)
c:/program files/microchip/xc16/v1.70/bin/bin/../../lib\liblega-pic30-elf.a(memcpy_eds.Leo)
                              c:/program files/microchip/xc16/v1.70/bin/bin/../../lib\liblega-c-elf.a(sprintf_cdnopuxX.XXeo) (__memcpy_eds_3)
c:/program files/microchip/xc16/v1.70/bin/bin/../../lib\liblega-pic30-elf.a(memchr_eds.Leo)
                              c:/program files/microchip/xc16/v1.70/bin/bin/../../lib\liblega-c-elf.a(efwrite.XX_eo) (__memchr_eds)
c:/program files/microchip/xc16/v1.70/bin/bin/../../lib\liblega-pic30-elf.a(brk.Lelo)
                              c:/program files/microchip/xc16/v1.70/bin/bin/../../lib\liblega-pic30-elf.a(sbrk.Leo) (_brk)
c:/program files/microchip/xc16/v1.70/bin/bin/../../lib\libm-elf.a(divsi3.eo)
                              c:/program files/microchip/xc16/v1.70/bin/bin/../../lib\liblega-c-elf.a(xlitob.XX_eo) (___divsi3)
c:/program files/microchip/xc16/v1.70/bin/bin/../../lib\libm-elf.a(udivsi3.eo)
                              c:/program files/microchip/xc16/v1.70/bin/bin/../../lib\liblega-c-elf.a(xlitob.XX_eo) (___udivsi3)
c:/program files/microchip/xc16/v1.70/bin/bin/../../lib\libm-elf.a(umodsi3.eo)
                              c:/program files/microchip/xc16/v1.70/bin/bin/../../lib\liblega-c-elf.a(xlitob.XX_eo) (___umodsi3)
c:/program files/microchip/xc16/v1.70/bin/bin/../../lib\libm-elf.a(mulsi3.eo)
                              c:/program files/microchip/xc16/v1.70/bin/bin/../../lib\liblega-c-elf.a(fclose.XX_elo) (___mulsi3)
c:/program files/microchip/xc16/v1.70/bin/bin/../../lib\libm-elf.a(divmoddi3.eo)
                              c:/program files/microchip/xc16/v1.70/bin/bin/../../lib\liblega-c-elf.a(xlitob.XX_eo) (___udivdi3)


xc16-ld 1.70 (B)

Default Code Model: Small
Default Data Model: Small
Default Scalar Model: Small

"program" Memory  [Origin = 0x200, Length = 0x2a00]

section                    address   length (PC units)   length (bytes) (dec)
-------                    -------   -----------------   --------------------
.text                        0x200              0x1892          0x24db  (9435)
.const                      0x1a92                0x30            0x48  (72)
.text                       0x1ac2               0x51a           0x7a7  (1959)
.dinit                      0x1fdc                0xd4           0x13e  (318)
.text                       0x20b0                0xdc           0x14a  (330)

                 Total "program" memory used (bytes):         0x2f52  (12114) 75%


"data" Memory  [Origin = 0x800, Length = 0x600]

section                    address      alignment gaps    total length  (dec)
-------                    -------      --------------    -------------------
.nbss                        0x800                   0            0x10  (16)
.data                        0x810                   0            0xc4  (196)
.bss                         0x8d4                   0             0x6  (6)
.data                        0x8da                   0             0x4  (4)
.bss                         0x8de                   0             0x2  (2)

                 Total "data" memory used (bytes):           0xe0  (224) 14%


Dynamic Memory Usage

region                     address                      maximum length  (dec)
------                     -------                      ---------------------
heap                             0                                   0  (0)
stack                        0x8e0                               0x520  (1312)

                 Maximum dynamic memory (bytes):          0x520  (1312)

Info: Project is using a large data memory model when small data memory model is sufficient.


External Symbols in Data Memory (by address):

                    0x0800                  _minute
                    0x0802                  _second
                    0x0804                  _state
                    0x0806                  _light
                    0x0808                  _alarm
                    0x080a                  _clkval
                    0x080c                  _PBFlag
                    0x0810                  __Stdin
                    0x0838                  __Stdout
                    0x0860                  __Stderr
                    0x0888                  __Files
                    0x08d4                  __Aldata
                    0x08da                  __Size_block
                    0x08dc                  ___C30_UART
                    0x08de                  ___curbrk

External Symbols in Data Memory (by name):

                    0x080c                  _PBFlag
                    0x08d4                  __Aldata
                    0x0888                  __Files
                    0x08da                  __Size_block
                    0x0860                  __Stderr
                    0x0810                  __Stdin
                    0x0838                  __Stdout
                    0x08dc                  ___C30_UART
                    0x08de                  ___curbrk
                    0x0808                  _alarm
                    0x080a                  _clkval
                    0x0806                  _light
                    0x0800                  _minute
                    0x0802                  _second
                    0x0804                  _state

External Symbols in Program Memory (by address):

                  0x000200                  __resetPRI
                  0x00023c                  __psv_init
                  0x000252                  __data_init_standard
                  0x000252                  __data_init
                  0x0002dc                  __T2Interrupt
                  0x0002e6                  __U2RXInterrupt
                  0x0002ee                  __U2TXInterrupt
                  0x0002f6                  __DefaultInterrupt
                  0x0003e6                  ___divsf3
                  0x00046a                  ___fixunssfsi
                  0x0004a0                  ___floatsisf
                  0x0004a6                  ___floatunsisf
                  0x0004aa                  __fpack
                  0x0004f6                  __funpack
                  0x000520                  __funpack2
                  0x000530                  __fPropagateNaN
                  0x000542                  __fbopExit
                  0x00054a                  __fbopReturnNaN
                  0x000550                  ___mulsf3
                  0x0005b8                  _powf
                  0x00077e                  __frexpf
                  0x000798                  ___subsf3
                  0x00079a                  ___addsf3
                  0x000854                  _expf
                  0x000918                  __fchop
                  0x000966                  ___lesf2
                  0x000966                  ___eqsf2
                  0x000966                  ___ltsf2
                  0x00096a                  ___gesf2
                  0x00096a                  ___gtsf2
                  0x00096e                  ___fixsfsi
                  0x0009b0                  ___floatdisf
                  0x0009d0                  ___floatundisf
                  0x000a2e                  _ldexpf
                  0x000a72                  _logf
                  0x000b20                  __fcompare
                  0x000b56                  _memcpy
                  0x000b64                  _memset
                  0x000b72                  _strcat
                  0x000b86                  _strcpy
                  0x000b92                  _strlen
                  0x000b9e                  sprintf_cdnopuxX.XXeo:_eprout
                  0x000bb8                  sprintf_cdnopuxX.XXeo:_prout
                  0x000bc6                  __sprintf_cdnopuxX
                  0x000be6                  xprintf_cdnopuxX.XXeo:_eprout
                  0x000c04                  ___ePrintf_cdnopuxX
                  0x000d7a                  ___Printf_cdnopuxX
                  0x000d84                  ___Putfld_cdnopuxX
                  0x000fa8                  _strchr
                  0x000fc0                  __Litob
                  0x00121e                  __Puttxt
                  0x0013d2                  __Vacopy
                  0x0013d6                  _efwrite
                  0x0014ae                  __DNKfflush
                  0x001524                  __Fwprep
                  0x0015b6                  __Closreg
                  0x0015c8                  _fclose
                  0x001658                  fclose.XX_elo:_closeall
                  0x001678                  __Atexit
                  0x001690                  _free
                  0x00175a                  _malloc
                  0x0017ae                  __Getmem
                  0x0017ce                  __memcpy_eds_3
                  0x0017ce                  __memcpy_eds
                  0x001808                  __memchr_eds
                  0x00183e                  ___divsi3
                  0x00185c                  ___udivsi3
                  0x00187c                  ___umodsi3
                  0x001882                  ___mulp32peds3
                  0x001882                  ___mulsi3
                  0x001882                  ___mulp32eds3
                  0x0018da                  ___udivmoddi3
                  0x0019c0                  ___udivdi3
                  0x0019ce                  ___umoddi3
                  0x0019d6                  ___divdi3
                  0x001a36                  ___moddi3
                  0x001ac2                  _IOinit
                  0x001aec                  _IOCheck
                  0x001dee                  _InitUART2
                  0x001e56                  _XmitUART2
                  0x001e8e                  _Disp2Hex
                  0x001eec                  _Disp2Hex32
                  0x001f5a                  _Disp2Dec
                  0x001fba                  _Disp2String
                  0x0020b0                  _NewClk
                  0x002124                  _Delay_ms
                  0x002168                  _main

External Symbols in Program Memory (by name):

                  0x002124                  _Delay_ms
                  0x001f5a                  _Disp2Dec
                  0x001e8e                  _Disp2Hex
                  0x001eec                  _Disp2Hex32
                  0x001fba                  _Disp2String
                  0x001aec                  _IOCheck
                  0x001ac2                  _IOinit
                  0x001dee                  _InitUART2
                  0x0020b0                  _NewClk
                  0x001e56                  _XmitUART2
                  0x001678                  __Atexit
                  0x0015b6                  __Closreg
                  0x0014ae                  __DNKfflush
                  0x0002f6                  __DefaultInterrupt
                  0x001524                  __Fwprep
                  0x0017ae                  __Getmem
                  0x000fc0                  __Litob
                  0x00121e                  __Puttxt
                  0x0002dc                  __T2Interrupt
                  0x0002e6                  __U2RXInterrupt
                  0x0002ee                  __U2TXInterrupt
                  0x0013d2                  __Vacopy
                  0x000d7a                  ___Printf_cdnopuxX
                  0x000d84                  ___Putfld_cdnopuxX
                  0x00079a                  ___addsf3
                  0x0019d6                  ___divdi3
                  0x0003e6                  ___divsf3
                  0x00183e                  ___divsi3
                  0x000c04                  ___ePrintf_cdnopuxX
                  0x000966                  ___eqsf2
                  0x00096e                  ___fixsfsi
                  0x00046a                  ___fixunssfsi
                  0x0009b0                  ___floatdisf
                  0x0004a0                  ___floatsisf
                  0x0009d0                  ___floatundisf
                  0x0004a6                  ___floatunsisf
                  0x00096a                  ___gesf2
                  0x00096a                  ___gtsf2
                  0x000966                  ___lesf2
                  0x000966                  ___ltsf2
                  0x001a36                  ___moddi3
                  0x001882                  ___mulp32eds3
                  0x001882                  ___mulp32peds3
                  0x000550                  ___mulsf3
                  0x001882                  ___mulsi3
                  0x000798                  ___subsf3
                  0x0019c0                  ___udivdi3
                  0x0018da                  ___udivmoddi3
                  0x00185c                  ___udivsi3
                  0x0019ce                  ___umoddi3
                  0x00187c                  ___umodsi3
                  0x000252                  __data_init
                  0x000252                  __data_init_standard
                  0x000530                  __fPropagateNaN
                  0x000542                  __fbopExit
                  0x00054a                  __fbopReturnNaN
                  0x000918                  __fchop
                  0x000b20                  __fcompare
                  0x0004aa                  __fpack
                  0x00077e                  __frexpf
                  0x0004f6                  __funpack
                  0x000520                  __funpack2
                  0x001808                  __memchr_eds
                  0x0017ce                  __memcpy_eds
                  0x0017ce                  __memcpy_eds_3
                  0x00023c                  __psv_init
                  0x000200                  __resetPRI
                  0x000bc6                  __sprintf_cdnopuxX
                  0x0013d6                  _efwrite
                  0x000854                  _expf
                  0x0015c8                  _fclose
                  0x001690                  _free
                  0x000a2e                  _ldexpf
                  0x000a72                  _logf
                  0x002168                  _main
                  0x00175a                  _malloc
                  0x000b56                  _memcpy
                  0x000b64                  _memset
                  0x0005b8                  _powf
                  0x000b72                  _strcat
                  0x000fa8                  _strchr
                  0x000b86                  _strcpy
                  0x000b92                  _strlen
                  0x001658                  fclose.XX_elo:_closeall
                  0x000b9e                  sprintf_cdnopuxX.XXeo:_eprout
                  0x000bb8                  sprintf_cdnopuxX.XXeo:_prout
                  0x000be6                  xprintf_cdnopuxX.XXeo:_eprout

Memory Configuration

Name             Origin             Length             Attributes
data             0x000800           0x000600           a !xr
reset            0x000000           0x000004  
ivt              0x000004           0x0000fc  
_reserved        0x000100           0x000004  
aivt             0x000104           0x0000fc  
program          0x000200           0x002a00           xr
eedata           0x7ffe00           0x000200  
FBS              0xf80000           0x000002  
FGS              0xf80004           0x000002  
FOSCSEL          0xf80006           0x000002  
FOSC             0xf80008           0x000002  
FWDT             0xf8000a           0x000002  
FPOR             0xf8000c           0x000002  
FICD             0xf8000e           0x000002  
FDS              0xf80010           0x000002  
*default*        0x000000           0xffffffff  

Linker script and memory map

LOAD build/default/production/_ext/1045590929/ChangeClk.o
LOAD build/default/production/_ext/1045590929/IOs.o
LOAD build/default/production/_ext/1045590929/TimeDelay.o
LOAD build/default/production/_ext/1045590929/UART2.o
LOAD build/default/production/_ext/1045590929/main.o
                    0x0001                  __MPLAB_BUILD = 0x1
LOAD pPIC24Fxxx
LOAD c:/program files/microchip/xc16/v1.70/bin/bin/../../lib\libfx-elf.a
                    0xf80000                  __FBS = 0xf80000
                    0xf80004                  __FGS = 0xf80004
                    0xf80006                  __FOSCSEL = 0xf80006
                    0xf80008                  __FOSC = 0xf80008
                    0xf8000a                  __FWDT = 0xf8000a
                    0xf8000c                  __FPOR = 0xf8000c
                    0xf8000e                  __FICD = 0xf8000e
                    0xf80010                  __FDS = 0xf80010
                    0x0001                  __NO_HANDLES = 0x1
                    0x0200                  __CODE_BASE = 0x200
                    0x2a00                  __CODE_LENGTH = 0x2a00
                    0x0004                  __IVT_BASE = 0x4
                    0x0104                  __AIVT_BASE = 0x104
                    0x0800                  __DATA_BASE = 0x800
                    0x0600                  __DATA_LENGTH = 0x600

.reset            0x000000          0x4
                  0x000000          0x2 SHORT 0x200 ABSOLUTE (__reset)
                  0x000001          0x2 SHORT 0x4
                  0x000002          0x2 SHORT 0x0 ((ABSOLUTE (__reset) >> 0x10) & 0x7f)
                  0x000003          0x2 SHORT 0x0

.text             0x000200       0x1892
 *(.init)
 .init            0x000200         0x4c c:/program files/microchip/xc16/v1.70/bin/bin/../../lib\liblega-pic30-elf.a(crt0_standard.o)
                  0x000200                  __resetPRI
                  0x000200                  __reset
                  0x00023c                  __psv_init
 .init            0x00024c         0x7c c:/program files/microchip/xc16/v1.70/bin/bin/../../lib\liblega-pic30-elf.a(data_init_standard.o)
                  0x000252                  __data_init_standard
                  0x000252                  __data_init
 *(.user_init)
 *(.handle)
 *(.isr*)
 .isr.text        0x0002dc          0xa build/default/production/_ext/1045590929/TimeDelay.o
                  0x0002dc                  __T2Interrupt
 .isr.text        0x0002e6         0x10 build/default/production/_ext/1045590929/UART2.o
                  0x0002e6                  __U2RXInterrupt
                  0x0002ee                  __U2TXInterrupt
 .isr             0x0002f6          0x4 default_isr
                  0x0002f6                  __DefaultInterrupt
 *(.libc)
 .libc            0x0002fa         0x12 c:/program files/microchip/xc16/v1.70/bin/bin/../../lib\liblega-pic30-elf.a(close.Leo)
                  0x0002fa                  _close
 .libc            0x00030c         0x84 c:/program files/microchip/xc16/v1.70/bin/bin/../../lib\liblega-pic30-elf.a(write.Leo)
                  0x00030c                  _write
 .libc            0x000390         0x12 c:/program files/microchip/xc16/v1.70/bin/bin/../../lib\liblega-pic30-elf.a(remove.Leo)
                  0x000390                  _remove
 .libc            0x0003a2         0x28 c:/program files/microchip/xc16/v1.70/bin/bin/../../lib\liblega-pic30-elf.a(sbrk.Leo)
                  0x0003a2                  _sbrk
 .libc            0x0003ca         0x1a c:/program files/microchip/xc16/v1.70/bin/bin/../../lib\liblega-pic30-elf.a(brk.Lelo)
                  0x0003ca                  _brk
 *(.libm)
 *(.libdsp)
 *(.lib*)
 .libpic30_crt_start_mode
                  0x0003e4          0x2 c:/program files/microchip/xc16/v1.70/bin/bin/../../lib\liblega-pic30-elf.a(crt_start_mode_normal.Leo)
                  0x0003e4                  __crt_start_mode
                  0x0003e4                  __crt_start_mode_normal
 .libm.divfs3     0x0003e6         0x84 c:/program files/microchip/xc16/v1.70/bin/bin/../../lib\libm-elf.a(divsf3.eo)
                  0x0003e6                  ___divsf3
 .libm.fixunssfsi
                  0x00046a         0x36 c:/program files/microchip/xc16/v1.70/bin/bin/../../lib\libm-elf.a(fixunssfsi.eo)
                  0x00046a                  ___fixunssfsi
 .libm.floatsisf
                  0x0004a0          0x6 c:/program files/microchip/xc16/v1.70/bin/bin/../../lib\libm-elf.a(floatsisf.eo)
                  0x0004a0                  ___floatsisf
 .libm.floatunsisf
                  0x0004a6          0x4 c:/program files/microchip/xc16/v1.70/bin/bin/../../lib\libm-elf.a(floatunsisf.eo)
                  0x0004a6                  ___floatunsisf
 .libm.fpack      0x0004aa         0x4c c:/program files/microchip/xc16/v1.70/bin/bin/../../lib\libm-elf.a(fpack.eo)
                  0x0004aa                  __fpack
 .libm.funpack    0x0004f6         0x2a c:/program files/microchip/xc16/v1.70/bin/bin/../../lib\libm-elf.a(funpack.eo)
                  0x0004f6                  __funpack
 .libm.funpack2
                  0x000520         0x10 c:/program files/microchip/xc16/v1.70/bin/bin/../../lib\libm-elf.a(funpack2.eo)
                  0x000520                  __funpack2
 .libm.fPropagateNaN
                  0x000530         0x12 c:/program files/microchip/xc16/v1.70/bin/bin/../../lib\libm-elf.a(futil.eo)
                  0x000530                  __fPropagateNaN
 .libm.fbobExit
                  0x000542          0x8 c:/program files/microchip/xc16/v1.70/bin/bin/../../lib\libm-elf.a(futil.eo)
                  0x000542                  __fbopExit
 .libm.fbopReturnNaN
                  0x00054a          0x6 c:/program files/microchip/xc16/v1.70/bin/bin/../../lib\libm-elf.a(futil.eo)
                  0x00054a                  __fbopReturnNaN
 .libm.mulsf3     0x000550         0x68 c:/program files/microchip/xc16/v1.70/bin/bin/../../lib\libm-elf.a(mulsf3.eo)
                  0x000550                  ___mulsf3
 .libm.powf       0x0005b8        0x1c6 c:/program files/microchip/xc16/v1.70/bin/bin/../../lib\libm-elf.a(powf.eo)
                  0x0005b8                  _powf
 .libm.frexpf     0x00077e         0x1a c:/program files/microchip/xc16/v1.70/bin/bin/../../lib\libm-elf.a(_frexpf.eo)
                  0x00077e                  __frexpf
 .libm.subsf3     0x000798         0xbc c:/program files/microchip/xc16/v1.70/bin/bin/../../lib\libm-elf.a(addsf3.eo)
                  0x000798                  ___subsf3
                  0x00079a                  ___addsf3
 .libm.expf       0x000854         0xc4 c:/program files/microchip/xc16/v1.70/bin/bin/../../lib\libm-elf.a(expf.eo)
                  0x000854                  _expf
 .libm.fchop      0x000918         0x4e c:/program files/microchip/xc16/v1.70/bin/bin/../../lib\libm-elf.a(fchop.eo)
                  0x000918                  __fchop
 .libm.eqsf2      0x000966          0x4 c:/program files/microchip/xc16/v1.70/bin/bin/../../lib\libm-elf.a(feqltle.eo)
                  0x000966                  ___eqsf2
                  0x000966                  ___ltsf2
                  0x000966                  ___lesf2
 .libm.gtsf2      0x00096a          0x4 c:/program files/microchip/xc16/v1.70/bin/bin/../../lib\libm-elf.a(fgtge.eo)
                  0x00096a                  ___gesf2
                  0x00096a                  ___gtsf2
 .libm.fixsfsi    0x00096e         0x42 c:/program files/microchip/xc16/v1.70/bin/bin/../../lib\libm-elf.a(fixsfsi.eo)
                  0x00096e                  _(float, int, long long, short, float, short, int)
 .libm.floatdisf
                  0x0009b0         0x20 c:/program files/microchip/xc16/v1.70/bin/bin/../../lib\libm-elf.a(floatdisf.eo)
                  0x0009b0                  ___floatdisf
 .libm.floatundisf
                  0x0009d0         0x5e c:/program files/microchip/xc16/v1.70/bin/bin/../../lib\libm-elf.a(floatundisf.eo)
                  0x0009d0                  ___floatundisf
 .libm.ldexpf     0x000a2e         0x44 c:/program files/microchip/xc16/v1.70/bin/bin/../../lib\libm-elf.a(ldexpf.eo)
                  0x000a2e                  _ldexpf
 .libm.logf       0x000a72         0xae c:/program files/microchip/xc16/v1.70/bin/bin/../../lib\libm-elf.a(logf.eo)
                  0x000a72                  _logf
 .libm.fcompare
                  0x000b20         0x36 c:/program files/microchip/xc16/v1.70/bin/bin/../../lib\libm-elf.a(fcompare.eo)
                  0x000b20                  __fcompare
 .libc.memcpy     0x000b56          0xe c:/program files/microchip/xc16/v1.70/bin/bin/../../lib\liblega-c-elf.a(memcpy.XX_eo)
                  0x000b56                  _memcpy
 .libc.memset     0x000b64          0xe c:/program files/microchip/xc16/v1.70/bin/bin/../../lib\liblega-c-elf.a(memset.XX_eo)
                  0x000b64                  _memset
 .libc.strcat     0x000b72         0x14 c:/program files/microchip/xc16/v1.70/bin/bin/../../lib\liblega-c-elf.a(strcat.XX_eo)
                  0x000b72                  _strcat
 .libc.strcpy     0x000b86          0xc c:/program files/microchip/xc16/v1.70/bin/bin/../../lib\liblega-c-elf.a(strcpy.XX_eo)
                  0x000b86                  _strcpy
 .libc.strlen     0x000b92          0xc c:/program files/microchip/xc16/v1.70/bin/bin/../../lib\liblega-c-elf.a(strlen.XX_eo)
                  0x000b92                  _strlen
 .libc.eprout     0x000b9e         0x1a c:/program files/microchip/xc16/v1.70/bin/bin/../../lib\liblega-c-elf.a(sprintf_cdnopuxX.XXeo)
                  0x000b9e                  sprintf_cdnopuxX.XXeo:_eprout
 .libc.prout      0x000bb8          0xe c:/program files/microchip/xc16/v1.70/bin/bin/../../lib\liblega-c-elf.a(sprintf_cdnopuxX.XXeo)
                  0x000bb8                  sprintf_cdnopuxX.XXeo:_prout
 .libc._sprintf_cdnopuxX
                  0x000bc6         0x20 c:/program files/microchip/xc16/v1.70/bin/bin/../../lib\liblega-c-elf.a(sprintf_cdnopuxX.XXeo)
                  0x000bc6                  __sprintf_cdnopuxX
 .libc.eprout     0x000be6         0x1e c:/program files/microchip/xc16/v1.70/bin/bin/../../lib\liblega-c-elf.a(xprintf_cdnopuxX.XXeo)
                  0x000be6                  xprintf_cdnopuxX.XXeo:_eprout
 .libc.__ePrintf_cdnopuxX
                  0x000c04        0x176 c:/program files/microchip/xc16/v1.70/bin/bin/../../lib\liblega-c-elf.a(xprintf_cdnopuxX.XXeo)
                  0x000c04                  ___ePrintf_cdnopuxX
 .libc.__Printf_cdnopuxX
                  0x000d7a          0xa c:/program files/microchip/xc16/v1.70/bin/bin/../../lib\liblega-c-elf.a(xprintf_cdnopuxX.XXeo)
                  0x000d7a                  ___Printf_cdnopuxX
 .libc.__Putfld_cdnopuxX
                  0x000d84        0x224 c:/program files/microchip/xc16/v1.70/bin/bin/../../lib\liblega-c-elf.a(xputfld_cdnopuxX.XXeo)
                  0x000d84                  ___Putfld_cdnopuxX
 .libc.strchr     0x000fa8         0x18 c:/program files/microchip/xc16/v1.70/bin/bin/../../lib\liblega-c-elf.a(strchr.XX_eo)
                  0x000fa8                  _strchr
 .libc._Litob     0x000fc0        0x25e c:/program files/microchip/xc16/v1.70/bin/bin/../../lib\liblega-c-elf.a(xlitob.XX_eo)
                  0x000fc0                  __Litob
 .libc._Puttxt    0x00121e        0x1b4 c:/program files/microchip/xc16/v1.70/bin/bin/../../lib\liblega-c-elf.a(xputtxt.XX_eo)
                  0x00121e                  __Puttxt
 .libc._Vacopy    0x0013d2          0x4 c:/program files/microchip/xc16/v1.70/bin/bin/../../lib\liblega-c-elf.a(xvacopy.XX_eo)
                  0x0013d2                  __Vacopy
 .libc.efwrite    0x0013d6         0xd8 c:/program files/microchip/xc16/v1.70/bin/bin/../../lib\liblega-c-elf.a(efwrite.XX_eo)
                  0x0013d6                  _efwrite
 .libc._DNKfflush
                  0x0014ae         0x76 c:/program files/microchip/xc16/v1.70/bin/bin/../../lib\liblega-c-elf.a(fflush.XX_elo)
                  0x0014ae                  __DNKfflush
 .libc._Fwprep    0x001524         0x8e c:/program files/microchip/xc16/v1.70/bin/bin/../../lib\liblega-c-elf.a(xfwprep.XX_eo)
                  0x001524                  __Fwprep
 .libc.closeallreg
                  0x0015b2          0x4 c:/program files/microchip/xc16/v1.70/bin/bin/../../lib\liblega-c-elf.a(fclose.XX_elo)
 .libc._Closreg
                  0x0015b6         0x12 c:/program files/microchip/xc16/v1.70/bin/bin/../../lib\liblega-c-elf.a(fclose.XX_elo)
                  0x0015b6                  __Closreg
 .libc.fclose     0x0015c8         0x90 c:/program files/microchip/xc16/v1.70/bin/bin/../../lib\liblega-c-elf.a(fclose.XX_elo)
                  0x0015c8                  _fclose
 .libc.closeall
                  0x001658         0x20 c:/program files/microchip/xc16/v1.70/bin/bin/../../lib\liblega-c-elf.a(fclose.XX_elo)
                  0x001658                  fclose.XX_elo:_closeall
 .libc._Atexit    0x001678         0x18 c:/program files/microchip/xc16/v1.70/bin/bin/../../lib\liblega-c-elf.a(xatexit.XX_elo)
                  0x001678                  __Atexit
 .libc.free       0x001690         0x64 c:/program files/microchip/xc16/v1.70/bin/bin/../../lib\liblega-c-elf.a(free.XX_eo)
                  0x001690                  _free
 .libc.findmem    0x0016f4         0x66 c:/program files/microchip/xc16/v1.70/bin/bin/../../lib\liblega-c-elf.a(malloc.XX_eo)
 .libc.malloc     0x00175a         0x54 c:/program files/microchip/xc16/v1.70/bin/bin/../../lib\liblega-c-elf.a(malloc.XX_eo)
                  0x00175a                  _malloc
 .libc._Getmem    0x0017ae         0x14 c:/program files/microchip/xc16/v1.70/bin/bin/../../lib\liblega-c-elf.a(xgetmem.XX_eo)
                  0x0017ae                  __Getmem
 .libc.doclose    0x0017c2          0x4 c:/program files/microchip/xc16/v1.70/bin/bin/../../lib\liblega-pic30-elf.a(close.Leo)
 .libc.dowrite    0x0017c6          0x4 c:/program files/microchip/xc16/v1.70/bin/bin/../../lib\liblega-pic30-elf.a(write.Leo)
 .libc.doremove
                  0x0017ca          0x4 c:/program files/microchip/xc16/v1.70/bin/bin/../../lib\liblega-pic30-elf.a(remove.Leo)
 .libc.memcpy_eds
                  0x0017ce         0x3a c:/program files/microchip/xc16/v1.70/bin/bin/../../lib\liblega-pic30-elf.a(memcpy_eds.Leo)
                  0x0017ce                  __memcpy_eds_3
                  0x0017ce                  __memcpy_eds
 .libc._memchr_eds
                  0x001808         0x36 c:/program files/microchip/xc16/v1.70/bin/bin/../../lib\liblega-pic30-elf.a(memchr_eds.Leo)
                  0x001808                  __memchr_eds
 .libm.divsi3     0x00183e         0x1e c:/program files/microchip/xc16/v1.70/bin/bin/../../lib\libm-elf.a(divsi3.eo)
                  0x00183e                  ___divsi3
 .libm.udivsi3    0x00185c         0x20 c:/program files/microchip/xc16/v1.70/bin/bin/../../lib\libm-elf.a(udivsi3.eo)
                  0x00185c                  ___udivsi3
 .libm.umodsi3    0x00187c          0x6 c:/program files/microchip/xc16/v1.70/bin/bin/../../lib\libm-elf.a(umodsi3.eo)
                  0x00187c                  ___umodsi3
 .libm.mulsi3     0x001882          0xc c:/program files/microchip/xc16/v1.70/bin/bin/../../lib\libm-elf.a(mulsi3.eo)
                  0x001882                  ___mulp32peds3
                  0x001882                  ___mulsi3
                  0x001882                  ___mulp32eds3
 .libm.__PplusBdi
                  0x00188e         0x26 c:/program files/microchip/xc16/v1.70/bin/bin/../../lib\libm-elf.a(divmoddi3.eo)
 .libm.__PminusBdi
                  0x0018b4         0x26 c:/program files/microchip/xc16/v1.70/bin/bin/../../lib\libm-elf.a(divmoddi3.eo)
 .libm.__udivmoddi3
                  0x0018da         0xe6 c:/program files/microchip/xc16/v1.70/bin/bin/../../lib\libm-elf.a(divmoddi3.eo)
                  0x0018da                  ___udivmoddi3
 .libm.__udivdi3
                  0x0019c0          0xe c:/program files/microchip/xc16/v1.70/bin/bin/../../lib\libm-elf.a(divmoddi3.eo)
                  0x0019c0                  ___udivdi3
 .libm.__umoddi3
                  0x0019ce          0x8 c:/program files/microchip/xc16/v1.70/bin/bin/../../lib\libm-elf.a(divmoddi3.eo)
                  0x0019ce                  ___umoddi3
 .libm.__divdi3
                  0x0019d6         0x60 c:/program files/microchip/xc16/v1.70/bin/bin/../../lib\libm-elf.a(divmoddi3.eo)
                  0x0019d6                  ___divdi3
 .libm.__moddi3
                  0x001a36         0x5c c:/program files/microchip/xc16/v1.70/bin/bin/../../lib\libm-elf.a(divmoddi3.eo)
                  0x001a36                  ___moddi3

usercode
 *(usercode)

__FBS
 *(__FBS.sec*)

__FGS
 *(__FGS.sec*)

__FOSCSEL
 *(__FOSCSEL.sec*)

__FOSC
 *(__FOSC.sec*)

__FWDT
 *(__FWDT.sec*)

__FPOR
 *(__FPOR.sec*)

__FICD
 *(__FICD.sec*)

__FDS
 *(__FDS.sec*)

.comment          0x000000         0x5e
 *(.comment)
 .comment         0x000000         0x5e c:/program files/microchip/xc16/v1.70/bin/bin/../../lib\liblega-c-elf.a(xfiles.XX_elo)

.debug_info       0x000000       0x3040
 *(.debug_info)
 .debug_info      0x000000        0x559 build/default/production/_ext/1045590929/ChangeClk.o
 .debug_info      0x000559       0x111e build/default/production/_ext/1045590929/IOs.o
 .debug_info      0x001677        0x73b build/default/production/_ext/1045590929/TimeDelay.o
 .debug_info      0x001db2        0xe7f build/default/production/_ext/1045590929/UART2.o
 .debug_info      0x002c31        0x40f build/default/production/_ext/1045590929/main.o
 *(.gnu.linkonce.wi.*)

.debug_abbrev     0x000000        0x589
 *(.debug_abbrev)
 .debug_abbrev    0x000000        0x121 build/default/production/_ext/1045590929/ChangeClk.o
 .debug_abbrev    0x000121        0x197 build/default/production/_ext/1045590929/IOs.o
 .debug_abbrev    0x0002b8         0xe9 build/default/production/_ext/1045590929/TimeDelay.o
 .debug_abbrev    0x0003a1        0x112 build/default/production/_ext/1045590929/UART2.o
 .debug_abbrev    0x0004b3         0xd6 build/default/production/_ext/1045590929/main.o

.debug_line       0x000000        0x7b2
 *(.debug_line)
 .debug_line      0x000000        0x156 build/default/production/_ext/1045590929/ChangeClk.o
 .debug_line      0x000156        0x1e5 build/default/production/_ext/1045590929/IOs.o
 .debug_line      0x00033b        0x16a build/default/production/_ext/1045590929/TimeDelay.o
 .debug_line      0x0004a5        0x1be build/default/production/_ext/1045590929/UART2.o
 .debug_line      0x000663        0x14f build/default/production/_ext/1045590929/main.o

.debug_frame      0x000000        0x210
 *(.debug_frame)
 .debug_frame     0x000000         0x2e build/default/production/_ext/1045590929/ChangeClk.o
 .debug_frame     0x00002e         0x80 build/default/production/_ext/1045590929/IOs.o
 .debug_frame     0x0000ae         0x48 build/default/production/_ext/1045590929/TimeDelay.o
 .debug_frame     0x0000f6         0xec build/default/production/_ext/1045590929/UART2.o
 .debug_frame     0x0001e2         0x2e build/default/production/_ext/1045590929/main.o

.debug_str        0x000000        0x126
 *(.debug_str)
 .debug_str       0x000000         0x16 build/default/production/_ext/1045590929/ChangeClk.o
 .debug_str       0x000016         0x7c build/default/production/_ext/1045590929/IOs.o
 .debug_str       0x000092         0x30 build/default/production/_ext/1045590929/TimeDelay.o
 .debug_str       0x0000c2         0x4e build/default/production/_ext/1045590929/UART2.o
 .debug_str       0x000110         0x16 build/default/production/_ext/1045590929/main.o

.debug_loc
 *(.debug_loc)

.debug_macinfo
 *(.debug_macinfo)

.debug_pubnames
                  0x000000        0x168
 *(.debug_pubnames)
 .debug_pubnames
                  0x000000         0x1d build/default/production/_ext/1045590929/ChangeClk.o
 .debug_pubnames
                  0x00001d         0x5d build/default/production/_ext/1045590929/IOs.o
 .debug_pubnames
                  0x00007a         0x30 build/default/production/_ext/1045590929/TimeDelay.o
 .debug_pubnames
                  0x0000aa         0x98 build/default/production/_ext/1045590929/UART2.o
 .debug_pubnames
                  0x000142         0x26 build/default/production/_ext/1045590929/main.o

.debug_ranges
 *(.debug_ranges)

.debug_aranges    0x000000         0x78
 *(.debug_aranges)
 .debug_aranges
                  0x000000         0x18 build/default/production/_ext/1045590929/ChangeClk.o
 .debug_aranges
                  0x000018         0x18 build/default/production/_ext/1045590929/IOs.o
 .debug_aranges
                  0x000030         0x18 build/default/production/_ext/1045590929/TimeDelay.o
 .debug_aranges
                  0x000048         0x18 build/default/production/_ext/1045590929/UART2.o
 .debug_aranges
                  0x000060         0x18 build/default/production/_ext/1045590929/main.o
                    0x0000                  WREG0 = 0x0
                    0x0000                  _WREG0 = 0x0
                    0x0002                  WREG1 = 0x2
                    0x0002                  _WREG1 = 0x2
                    0x0004                  WREG2 = 0x4
                    0x0004                  _WREG2 = 0x4
                    0x0006                  WREG3 = 0x6
                    0x0006                  _WREG3 = 0x6
                    0x0008                  WREG4 = 0x8
                    0x0008                  _WREG4 = 0x8
                    0x000a                  WREG5 = 0xa
                    0x000a                  _WREG5 = 0xa
                    0x000c                  WREG6 = 0xc
                    0x000c                  _WREG6 = 0xc
                    0x000e                  WREG7 = 0xe
                    0x000e                  _WREG7 = 0xe
                    0x0010                  WREG8 = 0x10
                    0x0010                  _WREG8 = 0x10
                    0x0012                  WREG9 = 0x12
                    0x0012                  _WREG9 = 0x12
                    0x0014                  WREG10 = 0x14
                    0x0014                  _WREG10 = 0x14
                    0x0016                  WREG11 = 0x16
                    0x0016                  _WREG11 = 0x16
                    0x0018                  WREG12 = 0x18
                    0x0018                  _WREG12 = 0x18
                    0x001a                  WREG13 = 0x1a
                    0x001a                  _WREG13 = 0x1a
                    0x001c                  WREG14 = 0x1c
                    0x001c                  _WREG14 = 0x1c
                    0x001e                  WREG15 = 0x1e
                    0x001e                  _WREG15 = 0x1e
                    0x0020                  SPLIM = 0x20
                    0x0020                  _SPLIM = 0x20
                    0x002e                  PCL = 0x2e
                    0x002e                  _PCL = 0x2e
                    0x0030                  PCH = 0x30
                    0x0030                  _PCH = 0x30
                    0x0032                  TBLPAG = 0x32
                    0x0032                  _TBLPAG = 0x32
                    0x0034                  PSVPAG = 0x34
                    0x0034                  _PSVPAG = 0x34
                    0x0036                  RCOUNT = 0x36
                    0x0036                  _RCOUNT = 0x36
                    0x0042                  SR = 0x42
                    0x0042                  _SR = 0x42
                    0x0042                  _SRbits = 0x42
                    0x0044                  CORCON = 0x44
                    0x0044                  _CORCON = 0x44
                    0x0044                  _CORCONbits = 0x44
                    0x0052                  DISICNT = 0x52
                    0x0052                  _DISICNT = 0x52
                    0x0060                  CNEN1 = 0x60
                    0x0060                  _CNEN1 = 0x60
                    0x0060                  _CNEN1bits = 0x60
                    0x0062                  CNEN2 = 0x62
                    0x0062                  _CNEN2 = 0x62
                    0x0062                  _CNEN2bits = 0x62
                    0x0068                  CNPU1 = 0x68
                    0x0068                  _CNPU1 = 0x68
                    0x0068                  _CNPU1bits = 0x68
                    0x006a                  CNPU2 = 0x6a
                    0x006a                  _CNPU2 = 0x6a
                    0x006a                  _CNPU2bits = 0x6a
                    0x0070                  CNPD1 = 0x70
                    0x0070                  _CNPD1 = 0x70
                    0x0070                  _CNPD1bits = 0x70
                    0x0072                  CNPD2 = 0x72
                    0x0072                  _CNPD2 = 0x72
                    0x0072                  _CNPD2bits = 0x72
                    0x0080                  INTCON1 = 0x80
                    0x0080                  _INTCON1 = 0x80
                    0x0080                  _INTCON1bits = 0x80
                    0x0082                  INTCON2 = 0x82
                    0x0082                  _INTCON2 = 0x82
                    0x0082                  _INTCON2bits = 0x82
                    0x0084                  IFS0 = 0x84
                    0x0084                  _IFS0 = 0x84
                    0x0084                  _IFS0bits = 0x84
                    0x0086                  IFS1 = 0x86
                    0x0086                  _IFS1 = 0x86
                    0x0086                  _IFS1bits = 0x86
                    0x008a                  IFS3 = 0x8a
                    0x008a                  _IFS3 = 0x8a
                    0x008a                  _IFS3bits = 0x8a
                    0x008c                  IFS4 = 0x8c
                    0x008c                  _IFS4 = 0x8c
                    0x008c                  _IFS4bits = 0x8c
                    0x0094                  IEC0 = 0x94
                    0x0094                  _IEC0 = 0x94
                    0x0094                  _IEC0bits = 0x94
                    0x0096                  IEC1 = 0x96
                    0x0096                  _IEC1 = 0x96
                    0x0096                  _IEC1bits = 0x96
                    0x009a                  IEC3 = 0x9a
                    0x009a                  _IEC3 = 0x9a
                    0x009a                  _IEC3bits = 0x9a
                    0x009c                  IEC4 = 0x9c
                    0x009c                  _IEC4 = 0x9c
                    0x009c                  _IEC4bits = 0x9c
                    0x00a4                  IPC0 = 0xa4
                    0x00a4                  _IPC0 = 0xa4
                    0x00a4                  _IPC0bits = 0xa4
                    0x00a6                  IPC1 = 0xa6
                    0x00a6                  _IPC1 = 0xa6
                    0x00a6                  _IPC1bits = 0xa6
                    0x00a8                  IPC2 = 0xa8
                    0x00a8                  _IPC2 = 0xa8
                    0x00a8                  _IPC2bits = 0xa8
                    0x00aa                  IPC3 = 0xaa
                    0x00aa                  _IPC3 = 0xaa
                    0x00aa                  _IPC3bits = 0xaa
                    0x00ac                  IPC4 = 0xac
                    0x00ac                  _IPC4 = 0xac
                    0x00ac                  _IPC4bits = 0xac
                    0x00ae                  IPC5 = 0xae
                    0x00ae                  _IPC5 = 0xae
                    0x00ae                  _IPC5bits = 0xae
                    0x00b2                  IPC7 = 0xb2
                    0x00b2                  _IPC7 = 0xb2
                    0x00b2                  _IPC7bits = 0xb2
                    0x00c2                  IPC15 = 0xc2
                    0x00c2                  _IPC15 = 0xc2
                    0x00c2                  _IPC15bits = 0xc2
                    0x00c4                  IPC16 = 0xc4
                    0x00c4                  _IPC16 = 0xc4
                    0x00c4                  _IPC16bits = 0xc4
                    0x00c8                  IPC18 = 0xc8
                    0x00c8                  _IPC18 = 0xc8
                    0x00c8                  _IPC18bits = 0xc8
                    0x00ca                  IPC19 = 0xca
                    0x00ca                  _IPC19 = 0xca
                    0x00ca                  _IPC19bits = 0xca
                    0x00e0                  INTTREG = 0xe0
                    0x00e0                  _INTTREG = 0xe0
                    0x00e0                  _INTTREGbits = 0xe0
                    0x0100                  TMR1 = 0x100
                    0x0100                  _TMR1 = 0x100
                    0x0102                  PR1 = 0x102
                    0x0102                  _PR1 = 0x102
                    0x0104                  T1CON = 0x104
                    0x0104                  _T1CON = 0x104
                    0x0104                  _T1CONbits = 0x104
                    0x0106                  TMR2 = 0x106
                    0x0106                  _TMR2 = 0x106
                    0x0108                  TMR3HLD = 0x108
                    0x0108                  _TMR3HLD = 0x108
                    0x010a                  TMR3 = 0x10a
                    0x010a                  _TMR3 = 0x10a
                    0x010c                  PR2 = 0x10c
                    0x010c                  _PR2 = 0x10c
                    0x010e                  PR3 = 0x10e
                    0x010e                  _PR3 = 0x10e
                    0x0110                  T2CON = 0x110
                    0x0110                  _T2CON = 0x110
                    0x0110                  _T2CONbits = 0x110
                    0x0112                  T3CON = 0x112
                    0x0112                  _T3CON = 0x112
                    0x0112                  _T3CONbits = 0x112
                    0x0140                  IC1BUF = 0x140
                    0x0140                  _IC1BUF = 0x140
                    0x0142                  IC1CON = 0x142
                    0x0142                  _IC1CON = 0x142
                    0x0142                  _IC1CONbits = 0x142
                    0x0180                  OC1RS = 0x180
                    0x0180                  _OC1RS = 0x180
                    0x0182                  OC1R = 0x182
                    0x0182                  _OC1R = 0x182
                    0x0184                  OC1CON = 0x184
                    0x0184                  _OC1CON = 0x184
                    0x0184                  _OC1CONbits = 0x184
                    0x0200                  I2C1RCV = 0x200
                    0x0200                  _I2C1RCV = 0x200
                    0x0202                  I2C1TRN = 0x202
                    0x0202                  _I2C1TRN = 0x202
                    0x0204                  I2C1BRG = 0x204
                    0x0204                  _I2C1BRG = 0x204
                    0x0206                  I2C1CON = 0x206
                    0x0206                  _I2C1CON = 0x206
                    0x0206                  _I2C1CONbits = 0x206
                    0x0208                  I2C1STAT = 0x208
                    0x0208                  _I2C1STAT = 0x208
                    0x0208                  _I2C1STATbits = 0x208
                    0x020a                  I2C1ADD = 0x20a
                    0x020a                  _I2C1ADD = 0x20a
                    0x020c                  I2C1MSK = 0x20c
                    0x020c                  _I2C1MSK = 0x20c
                    0x020c                  _I2C1MSKbits = 0x20c
                    0x0220                  U1MODE = 0x220
                    0x0220                  _U1MODE = 0x220
                    0x0220                  _U1MODEbits = 0x220
                    0x0222                  U1STA = 0x222
                    0x0222                  _U1STA = 0x222
                    0x0222                  _U1STAbits = 0x222
                    0x0224                  U1TXREG = 0x224
                    0x0224                  _U1TXREG = 0x224
                    0x0226                  U1RXREG = 0x226
                    0x0226                  _U1RXREG = 0x226
                    0x0228                  U1BRG = 0x228
                    0x0228                  _U1BRG = 0x228
                    0x0230                  U2MODE = 0x230
                    0x0230                  _U2MODE = 0x230
                    0x0230                  _U2MODEbits = 0x230
                    0x0232                  U2STA = 0x232
                    0x0232                  _U2STA = 0x232
                    0x0232                  _U2STAbits = 0x232
                    0x0234                  U2TXREG = 0x234
                    0x0234                  _U2TXREG = 0x234
                    0x0236                  U2RXREG = 0x236
                    0x0236                  _U2RXREG = 0x236
                    0x0238                  U2BRG = 0x238
                    0x0238                  _U2BRG = 0x238
                    0x0240                  SPI1STAT = 0x240
                    0x0240                  _SPI1STAT = 0x240
                    0x0240                  _SPI1STATbits = 0x240
                    0x0242                  SPI1CON1 = 0x242
                    0x0242                  _SPI1CON1 = 0x242
                    0x0242                  _SPI1CON1bits = 0x242
                    0x0244                  SPI1CON2 = 0x244
                    0x0244                  _SPI1CON2 = 0x244
                    0x0244                  _SPI1CON2bits = 0x244
                    0x0248                  SPI1BUF = 0x248
                    0x0248                  _SPI1BUF = 0x248
                    0x02c0                  TRISA = 0x2c0
                    0x02c0                  _TRISA = 0x2c0
                    0x02c0                  _TRISAbits = 0x2c0
                    0x02c2                  PORTA = 0x2c2
                    0x02c2                  _PORTA = 0x2c2
                    0x02c2                  _PORTAbits = 0x2c2
                    0x02c4                  LATA = 0x2c4
                    0x02c4                  _LATA = 0x2c4
                    0x02c4                  _LATAbits = 0x2c4
                    0x02c6                  ODCA = 0x2c6
                    0x02c6                  _ODCA = 0x2c6
                    0x02c6                  _ODCAbits = 0x2c6
                    0x02c8                  TRISB = 0x2c8
                    0x02c8                  _TRISB = 0x2c8
                    0x02c8                  _TRISBbits = 0x2c8
                    0x02ca                  PORTB = 0x2ca
                    0x02ca                  _PORTB = 0x2ca
                    0x02ca                  _PORTBbits = 0x2ca
                    0x02cc                  LATB = 0x2cc
                    0x02cc                  _LATB = 0x2cc
                    0x02cc                  _LATBbits = 0x2cc
                    0x02ce                  ODCB = 0x2ce
                    0x02ce                  _ODCB = 0x2ce
                    0x02ce                  _ODCBbits = 0x2ce
                    0x02fc                  PADCFG1 = 0x2fc
                    0x02fc                  _PADCFG1 = 0x2fc
                    0x02fc                  _PADCFG1bits = 0x2fc
                    0x0300                  ADC1BUF0 = 0x300
                    0x0300                  _ADC1BUF0 = 0x300
                    0x0302                  ADC1BUF1 = 0x302
                    0x0302                  _ADC1BUF1 = 0x302
                    0x0304                  ADC1BUF2 = 0x304
                    0x0304                  _ADC1BUF2 = 0x304
                    0x0306                  ADC1BUF3 = 0x306
                    0x0306                  _ADC1BUF3 = 0x306
                    0x0308                  ADC1BUF4 = 0x308
                    0x0308                  _ADC1BUF4 = 0x308
                    0x030a                  ADC1BUF5 = 0x30a
                    0x030a                  _ADC1BUF5 = 0x30a
                    0x030c                  ADC1BUF6 = 0x30c
                    0x030c                  _ADC1BUF6 = 0x30c
                    0x030e                  ADC1BUF7 = 0x30e
                    0x030e                  _ADC1BUF7 = 0x30e
                    0x0310                  ADC1BUF8 = 0x310
                    0x0310                  _ADC1BUF8 = 0x310
                    0x0312                  ADC1BUF9 = 0x312
                    0x0312                  _ADC1BUF9 = 0x312
                    0x0314                  ADC1BUFA = 0x314
                    0x0314                  _ADC1BUFA = 0x314
                    0x0316                  ADC1BUFB = 0x316
                    0x0316                  _ADC1BUFB = 0x316
                    0x0318                  ADC1BUFC = 0x318
                    0x0318                  _ADC1BUFC = 0x318
                    0x031a                  ADC1BUFD = 0x31a
                    0x031a                  _ADC1BUFD = 0x31a
                    0x031c                  ADC1BUFE = 0x31c
                    0x031c                  _ADC1BUFE = 0x31c
                    0x031e                  ADC1BUFF = 0x31e
                    0x031e                  _ADC1BUFF = 0x31e
                    0x0320                  AD1CON1 = 0x320
                    0x0320                  _AD1CON1 = 0x320
                    0x0320                  _AD1CON1bits = 0x320
                    0x0322                  AD1CON2 = 0x322
                    0x0322                  _AD1CON2 = 0x322
                    0x0322                  _AD1CON2bits = 0x322
                    0x0324                  AD1CON3 = 0x324
                    0x0324                  _AD1CON3 = 0x324
                    0x0324                  _AD1CON3bits = 0x324
                    0x0328                  AD1CHS = 0x328
                    0x0328                  _AD1CHS = 0x328
                    0x0328                  _AD1CHSbits = 0x328
                    0x032c                  AD1PCFG = 0x32c
                    0x032c                  _AD1PCFG = 0x32c
                    0x032c                  _AD1PCFGbits = 0x32c
                    0x0330                  AD1CSSL = 0x330
                    0x0330                  _AD1CSSL = 0x330
                    0x0330                  _AD1CSSLbits = 0x330
                    0x033c                  CTMUCON = 0x33c
                    0x033c                  _CTMUCON = 0x33c
                    0x033c                  _CTMUCONbits = 0x33c
                    0x033e                  CTMUICON = 0x33e
                    0x033e                  _CTMUICON = 0x33e
                    0x033e                  _CTMUICONbits = 0x33e
                    0x0620                  ALRMVAL = 0x620
                    0x0620                  _ALRMVAL = 0x620
                    0x0622                  ALCFGRPT = 0x622
                    0x0622                  _ALCFGRPT = 0x622
                    0x0622                  _ALCFGRPTbits = 0x622
                    0x0624                  RTCVAL = 0x624
                    0x0624                  _RTCVAL = 0x624
                    0x0626                  RCFGCAL = 0x626
                    0x0626                  _RCFGCAL = 0x626
                    0x0626                  _RCFGCALbits = 0x626
                    0x0630                  CMSTAT = 0x630
                    0x0630                  _CMSTAT = 0x630
                    0x0630                  _CMSTATbits = 0x630
                    0x0632                  CVRCON = 0x632
                    0x0632                  _CVRCON = 0x632
                    0x0632                  _CVRCONbits = 0x632
                    0x0634                  CM1CON = 0x634
                    0x0634                  _CM1CON = 0x634
                    0x0634                  _CM1CONbits = 0x634
                    0x0636                  CM2CON = 0x636
                    0x0636                  _CM2CON = 0x636
                    0x0636                  _CM2CONbits = 0x636
                    0x0640                  CRCCON = 0x640
                    0x0640                  _CRCCON = 0x640
                    0x0640                  _CRCCONbits = 0x640
                    0x0642                  CRCXOR = 0x642
                    0x0642                  _CRCXOR = 0x642
                    0x0644                  CRCDAT = 0x644
                    0x0644                  _CRCDAT = 0x644
                    0x0646                  CRCWDAT = 0x646
                    0x0646                  _CRCWDAT = 0x646
                    0x0740                  RCON = 0x740
                    0x0740                  _RCON = 0x740
                    0x0740                  _RCONbits = 0x740
                    0x0742                  OSCCON = 0x742
                    0x0742                  _OSCCON = 0x742
                    0x0742                  _OSCCONbits = 0x742
                    0x0742                  OSCCONL = 0x742
                    0x0742                  _OSCCONL = 0x742
                    0x0743                  OSCCONH = 0x743
                    0x0743                  _OSCCONH = 0x743
                    0x0744                  CLKDIV = 0x744
                    0x0744                  _CLKDIV = 0x744
                    0x0744                  _CLKDIVbits = 0x744
                    0x0748                  OSCTUN = 0x748
                    0x0748                  _OSCTUN = 0x748
                    0x0748                  _OSCTUNbits = 0x748
                    0x074e                  REFOCON = 0x74e
                    0x074e                  _REFOCON = 0x74e
                    0x074e                  _REFOCONbits = 0x74e
                    0x0756                  HLVDCON = 0x756
                    0x0756                  _HLVDCON = 0x756
                    0x0756                  _HLVDCONbits = 0x756
                    0x0758                  DSCON = 0x758
                    0x0758                  _DSCON = 0x758
                    0x0758                  _DSCONbits = 0x758
                    0x075a                  DSWAKE = 0x75a
                    0x075a                  _DSWAKE = 0x75a
                    0x075a                  _DSWAKEbits = 0x75a
                    0x075a                  DSWSRC = 0x75a
                    0x075a                  _DSWSRC = 0x75a
                    0x075a                  _DSWSRCbits = 0x75a
                    0x075c                  DSGPR0 = 0x75c
                    0x075c                  _DSGPR0 = 0x75c
                    0x075e                  DSGPR1 = 0x75e
                    0x075e                  _DSGPR1 = 0x75e
                    0x0760                  NVMCON = 0x760
                    0x0760                  _NVMCON = 0x760
                    0x0760                  _NVMCONbits = 0x760
                    0x0766                  NVMKEY = 0x766
                    0x0766                  _NVMKEY = 0x766
                    0x0766                  _NVMKEYbits = 0x766
                    0x0770                  PMD1 = 0x770
                    0x0770                  _PMD1 = 0x770
                    0x0770                  _PMD1bits = 0x770
                    0x0772                  PMD2 = 0x772
                    0x0772                  _PMD2 = 0x772
                    0x0772                  _PMD2bits = 0x772
                    0x0774                  PMD3 = 0x774
                    0x0774                  _PMD3 = 0x774
                    0x0774                  _PMD3bits = 0x774
                    0x0776                  PMD4 = 0x776
                    0x0776                  _PMD4 = 0x776
                    0x0776                  _PMD4bits = 0x776
                    0x0140                  IC1 = 0x140
                    0x0140                  _IC1 = 0x140
                    0x0180                  OC1 = 0x180
                    0x0180                  _OC1 = 0x180
                    0x0240                  SPI1 = 0x240
                    0x0240                  _SPI1 = 0x240
                    0x0220                  UART1 = 0x220
                    0x0220                  _UART1 = 0x220
                    0x0230                  UART2 = 0x230
                    0x0230                  _UART2 = 0x230
START GROUP
LOAD c:/program files/microchip/xc16/v1.70/bin/bin/../../lib\liblega-pic30-elf.a
LOAD c:/program files/microchip/xc16/v1.70/bin/bin/../../lib\libm-elf.a
LOAD c:/program files/microchip/xc16/v1.70/bin/bin/../../lib\liblega-c-elf.a
END GROUP
OUTPUT(dist/default/production/App1.X.production.elf elf32-pic30)
LOAD jump_table
LOAD default_isr
LOAD data_init

.debug_pubtypes
                  0x000078        0x447
 .debug_pubtypes
                  0x000078         0x7a build/default/production/_ext/1045590929/ChangeClk.o
 .debug_pubtypes
                  0x0000f2        0x18b build/default/production/_ext/1045590929/IOs.o
 .debug_pubtypes
                  0x00027d         0xb6 build/default/production/_ext/1045590929/TimeDelay.o
 .debug_pubtypes
                  0x000333        0x11f build/default/production/_ext/1045590929/UART2.o
 .debug_pubtypes
                  0x000452         0x6d build/default/production/_ext/1045590929/main.o

__c30_signature
                  0x0004bf        0x180
 __c30_signature
                  0x0004bf          0x6 build/default/production/_ext/1045590929/ChangeClk.o
 __c30_signature
                  0x0004c5          0x6 build/default/production/_ext/1045590929/IOs.o
 __c30_signature
                  0x0004cb          0x6 build/default/production/_ext/1045590929/TimeDelay.o
 __c30_signature
                  0x0004d1          0x6 build/default/production/_ext/1045590929/UART2.o
 __c30_signature
                  0x0004d7          0x6 build/default/production/_ext/1045590929/main.o
 __c30_signature
                  0x0004dd          0x6 c:/program files/microchip/xc16/v1.70/bin/bin/../../lib\liblega-pic30-elf.a(crt0_standard.o)
 __c30_signature
                  0x0004e3          0x6 c:/program files/microchip/xc16/v1.70/bin/bin/../../lib\liblega-pic30-elf.a(data_init_standard.o)
 __c30_signature
                  0x0004e9          0x6 c:/program files/microchip/xc16/v1.70/bin/bin/../../lib\libm-elf.a(divsf3.eo)
 __c30_signature
                  0x0004ef          0x6 c:/program files/microchip/xc16/v1.70/bin/bin/../../lib\libm-elf.a(fixunssfsi.eo)
 __c30_signature
                  0x0004f5          0x6 c:/program files/microchip/xc16/v1.70/bin/bin/../../lib\libm-elf.a(floatsisf.eo)
 __c30_signature
                  0x0004fb          0x6 c:/program files/microchip/xc16/v1.70/bin/bin/../../lib\libm-elf.a(floatunsisf.eo)
 __c30_signature
                  0x000501          0x6 c:/program files/microchip/xc16/v1.70/bin/bin/../../lib\libm-elf.a(fpack.eo)
 __c30_signature
                  0x000507          0x6 c:/program files/microchip/xc16/v1.70/bin/bin/../../lib\libm-elf.a(funpack.eo)
 __c30_signature
                  0x00050d          0x6 c:/program files/microchip/xc16/v1.70/bin/bin/../../lib\libm-elf.a(funpack2.eo)
 __c30_signature
                  0x000513          0x6 c:/program files/microchip/xc16/v1.70/bin/bin/../../lib\libm-elf.a(futil.eo)
 __c30_signature
                  0x000519          0x6 c:/program files/microchip/xc16/v1.70/bin/bin/../../lib\libm-elf.a(mulsf3.eo)
 __c30_signature
                  0x00051f          0x6 c:/program files/microchip/xc16/v1.70/bin/bin/../../lib\libm-elf.a(powf.eo)
 __c30_signature
                  0x000525          0x6 c:/program files/microchip/xc16/v1.70/bin/bin/../../lib\libm-elf.a(_frexpf.eo)
 __c30_signature
                  0x00052b          0x6 c:/program files/microchip/xc16/v1.70/bin/bin/../../lib\libm-elf.a(addsf3.eo)
 __c30_signature
                  0x000531          0x6 c:/program files/microchip/xc16/v1.70/bin/bin/../../lib\libm-elf.a(errno.eo)
 __c30_signature
                  0x000537          0x6 c:/program files/microchip/xc16/v1.70/bin/bin/../../lib\libm-elf.a(expf.eo)
 __c30_signature
                  0x00053d          0x6 c:/program files/microchip/xc16/v1.70/bin/bin/../../lib\libm-elf.a(fchop.eo)
 __c30_signature
                  0x000543          0x6 c:/program files/microchip/xc16/v1.70/bin/bin/../../lib\libm-elf.a(feqltle.eo)
 __c30_signature
                  0x000549          0x6 c:/program files/microchip/xc16/v1.70/bin/bin/../../lib\libm-elf.a(fgtge.eo)
 __c30_signature
                  0x00054f          0x6 c:/program files/microchip/xc16/v1.70/bin/bin/../../lib\libm-elf.a(fixsfsi.eo)
 __c30_signature
                  0x000555          0x6 c:/program files/microchip/xc16/v1.70/bin/bin/../../lib\libm-elf.a(floatdisf.eo)
 __c30_signature
                  0x00055b          0x6 c:/program files/microchip/xc16/v1.70/bin/bin/../../lib\libm-elf.a(floatundisf.eo)
 __c30_signature
                  0x000561          0x6 c:/program files/microchip/xc16/v1.70/bin/bin/../../lib\libm-elf.a(ldexpf.eo)
 __c30_signature
                  0x000567          0x6 c:/program files/microchip/xc16/v1.70/bin/bin/../../lib\libm-elf.a(logf.eo)
 __c30_signature
                  0x00056d          0x6 c:/program files/microchip/xc16/v1.70/bin/bin/../../lib\libm-elf.a(fcompare.eo)
 __c30_signature
                  0x000573          0x6 c:/program files/microchip/xc16/v1.70/bin/bin/../../lib\liblega-c-elf.a(memcpy.XX_eo)
 __c30_signature
                  0x000579          0x6 c:/program files/microchip/xc16/v1.70/bin/bin/../../lib\liblega-c-elf.a(memset.XX_eo)
 __c30_signature
                  0x00057f          0x6 c:/program files/microchip/xc16/v1.70/bin/bin/../../lib\liblega-c-elf.a(strcat.XX_eo)
 __c30_signature
                  0x000585          0x6 c:/program files/microchip/xc16/v1.70/bin/bin/../../lib\liblega-c-elf.a(strcpy.XX_eo)
 __c30_signature
                  0x00058b          0x6 c:/program files/microchip/xc16/v1.70/bin/bin/../../lib\liblega-c-elf.a(strlen.XX_eo)
 __c30_signature
                  0x000591          0x6 c:/program files/microchip/xc16/v1.70/bin/bin/../../lib\liblega-c-elf.a(sprintf_cdnopuxX.XXeo)
 __c30_signature
                  0x000597          0x6 c:/program files/microchip/xc16/v1.70/bin/bin/../../lib\liblega-c-elf.a(xprintf_cdnopuxX.XXeo)
 __c30_signature
                  0x00059d          0x6 c:/program files/microchip/xc16/v1.70/bin/bin/../../lib\liblega-c-elf.a(xputfld_cdnopuxX.XXeo)
 __c30_signature
                  0x0005a3          0x6 c:/program files/microchip/xc16/v1.70/bin/bin/../../lib\liblega-c-elf.a(strchr.XX_eo)
 __c30_signature
                  0x0005a9          0x6 c:/program files/microchip/xc16/v1.70/bin/bin/../../lib\liblega-c-elf.a(xlitob.XX_eo)
 __c30_signature
                  0x0005af          0x6 c:/program files/microchip/xc16/v1.70/bin/bin/../../lib\liblega-c-elf.a(xputtxt.XX_eo)
 __c30_signature
                  0x0005b5          0x6 c:/program files/microchip/xc16/v1.70/bin/bin/../../lib\liblega-c-elf.a(xvacopy.XX_eo)
 __c30_signature
                  0x0005bb          0x6 c:/program files/microchip/xc16/v1.70/bin/bin/../../lib\liblega-c-elf.a(efwrite.XX_eo)
 __c30_signature
                  0x0005c1          0x6 c:/program files/microchip/xc16/v1.70/bin/bin/../../lib\liblega-c-elf.a(fflush.XX_elo)
 __c30_signature
                  0x0005c7          0x6 c:/program files/microchip/xc16/v1.70/bin/bin/../../lib\liblega-c-elf.a(xfiles.XX_elo)
 __c30_signature
                  0x0005cd          0x6 c:/program files/microchip/xc16/v1.70/bin/bin/../../lib\liblega-c-elf.a(xfwprep.XX_eo)
 __c30_signature
                  0x0005d3          0x6 c:/program files/microchip/xc16/v1.70/bin/bin/../../lib\liblega-c-elf.a(fclose.XX_elo)
 __c30_signature
                  0x0005d9          0x6 c:/program files/microchip/xc16/v1.70/bin/bin/../../lib\liblega-c-elf.a(xatexit.XX_elo)
 __c30_signature
                  0x0005df          0x6 c:/program files/microchip/xc16/v1.70/bin/bin/../../lib\liblega-c-elf.a(free.XX_eo)
 __c30_signature
                  0x0005e5          0x6 c:/program files/microchip/xc16/v1.70/bin/bin/../../lib\liblega-c-elf.a(malloc.XX_eo)
 __c30_signature
                  0x0005eb          0x6 c:/program files/microchip/xc16/v1.70/bin/bin/../../lib\liblega-c-elf.a(xgetmem.XX_eo)
 __c30_signature
                  0x0005f1          0x6 c:/program files/microchip/xc16/v1.70/bin/bin/../../lib\liblega-pic30-elf.a(close.Leo)
 __c30_signature
                  0x0005f7          0x6 c:/program files/microchip/xc16/v1.70/bin/bin/../../lib\liblega-pic30-elf.a(write.Leo)
 __c30_signature
                  0x0005fd          0x6 c:/program files/microchip/xc16/v1.70/bin/bin/../../lib\liblega-pic30-elf.a(remove.Leo)
 __c30_signature
                  0x000603          0x6 c:/program files/microchip/xc16/v1.70/bin/bin/../../lib\liblega-pic30-elf.a(sbrk.Leo)
 __c30_signature
                  0x000609          0x6 c:/program files/microchip/xc16/v1.70/bin/bin/../../lib\liblega-pic30-elf.a(c30_uart.Leo)
 __c30_signature
                  0x00060f          0x6 c:/program files/microchip/xc16/v1.70/bin/bin/../../lib\liblega-pic30-elf.a(memcpy_eds.Leo)
 __c30_signature
                  0x000615          0x6 c:/program files/microchip/xc16/v1.70/bin/bin/../../lib\liblega-pic30-elf.a(memchr_eds.Leo)
 __c30_signature
                  0x00061b          0x6 c:/program files/microchip/xc16/v1.70/bin/bin/../../lib\liblega-pic30-elf.a(brk.Lelo)
 __c30_signature
                  0x000621          0x6 c:/program files/microchip/xc16/v1.70/bin/bin/../../lib\libm-elf.a(divsi3.eo)
 __c30_signature
                  0x000627          0x6 c:/program files/microchip/xc16/v1.70/bin/bin/../../lib\libm-elf.a(udivsi3.eo)
 __c30_signature
                  0x00062d          0x6 c:/program files/microchip/xc16/v1.70/bin/bin/../../lib\libm-elf.a(umodsi3.eo)
 __c30_signature
                  0x000633          0x6 c:/program files/microchip/xc16/v1.70/bin/bin/../../lib\libm-elf.a(mulsi3.eo)
 __c30_signature
                  0x000639          0x6 c:/program files/microchip/xc16/v1.70/bin/bin/../../lib\libm-elf.a(divmoddi3.eo)

.nbss               0x0800         0x10
 .nbss              0x0800          0xa build/default/production/_ext/1045590929/IOs.o
                    0x0800                  _minute
                    0x0802                  _second
                    0x0804                  _state
                    0x0806                  _light
                    0x0808                  _alarm
 .nbss              0x080a          0x2 build/default/production/_ext/1045590929/UART2.o
                    0x080a                  _clkval
 .nbss              0x080c          0x2 build/default/production/_ext/1045590929/main.o
                    0x080c                  _PBFlag
 .nbss              0x080e          0x2 c:/program files/microchip/xc16/v1.70/bin/bin/../../lib\libm-elf.a(errno.eo)
                    0x080e                  _errno

.data               0x0810         0xc4
 .data              0x0810         0x88 c:/program files/microchip/xc16/v1.70/bin/bin/../../lib\liblega-c-elf.a(xfiles.XX_elo)
                    0x0810                  __Stdin
                    0x0838                  __Stdout
                    0x0860                  __Stderr
                    0x0888                  __Files
 .data              0x0898         0x22 c:/program files/microchip/xc16/v1.70/bin/bin/../../lib\liblega-c-elf.a(xlitob.XX_eo)
 .data              0x08ba         0x1a c:/program files/microchip/xc16/v1.70/bin/bin/../../lib\liblega-c-elf.a(xprintf_cdnopuxX.XXeo)

.bss                0x08d4          0x6
 .bss               0x08d4          0x4 c:/program files/microchip/xc16/v1.70/bin/bin/../../lib\liblega-c-elf.a(malloc.XX_eo)
                    0x08d4                  __Aldata
 .bss               0x08d8          0x2 c:/program files/microchip/xc16/v1.70/bin/bin/../../lib\liblega-c-elf.a(fclose.XX_elo)

.data               0x08da          0x4
 .data              0x08da          0x2 c:/program files/microchip/xc16/v1.70/bin/bin/../../lib\liblega-c-elf.a(malloc.XX_eo)
                    0x08da                  __Size_block
 .data              0x08dc          0x2 c:/program files/microchip/xc16/v1.70/bin/bin/../../lib\liblega-pic30-elf.a(c30_uart.Leo)
                    0x08dc                  ___C30_UART

.bss                0x08de          0x2
 .bss               0x08de          0x2 c:/program files/microchip/xc16/v1.70/bin/bin/../../lib\liblega-pic30-elf.a(brk.Lelo)
                    0x08de                  ___curbrk

.ivt._T2Interrupt
                  0x000022          0x2
 .ivt._T2Interrupt
                  0x000022          0x2 build/default/production/_ext/1045590929/TimeDelay.o

.ivt._U2RXInterrupt
                  0x000050          0x2
 .ivt._U2RXInterrupt
                  0x000050          0x2 build/default/production/_ext/1045590929/UART2.o

.ivt._U2TXInterrupt
                  0x000052          0x2
 .ivt._U2TXInterrupt
                  0x000052          0x2 build/default/production/_ext/1045590929/UART2.o

.config_FCKSM     0xf80008          0x2
 .config_FCKSM    0xf80008          0x2 build/default/production/_ext/1045590929/main.o

.const              0x9a92         0x30 load address 0x001a92  
 .const             0x9a92         0x28 build/default/production/_ext/1045590929/IOs.o
 .const             0x9aba          0x8 build/default/production/_ext/1045590929/main.o

.text             0x001ac2        0x51a
 .text            0x001ac2        0x32c build/default/production/_ext/1045590929/IOs.o
                  0x001ac2                  _IOinit
                  0x001aec                  _IOCheck
 .text            0x001dee        0x1ee build/default/production/_ext/1045590929/UART2.o
                  0x001dee                  _InitUART2
                  0x001e56                  _XmitUART2
                  0x001e8e                  _Disp2Hex
                  0x001eec                  _Disp2Hex32
                  0x001f5a                  _Disp2Dec
                  0x001fba                  _Disp2String

.dinit            0x001fdc         0xd4
 .dinit           0x001fdc         0xd4 data_init

.text             0x0020b0         0xdc
 .text            0x0020b0         0x74 build/default/production/_ext/1045590929/ChangeClk.o
                  0x0020b0                  _NewClk
 .text            0x002124         0x44 build/default/production/_ext/1045590929/TimeDelay.o
                  0x002124                  _Delay_ms
 .text            0x002168         0x24 build/default/production/_ext/1045590929/main.o
                  0x002168                  _main
